[2026-06-08 20:00:31] === Running Man Archive — Weekly Update Start ===
[2026-06-08 20:00:31] Database max episode: EP806
[2026-06-08 20:00:31] Detecting latest episode via Wikipedia/myrm.tv…
[2026-06-08 20:00:31] ERROR: Could not reach Wikipedia or myrm.tv. Aborting.
[2026-06-08 20:00:31] === Complete: 0 new, 0 errors ===
[2026-06-08 20:08:03] === Running Man Archive — Weekly Update Start ===
[2026-06-08 20:08:03] Database max episode: EP806
[2026-06-08 20:08:03] Detecting latest episode via Wikipedia/myrm.tv…
[2026-06-08 20:08:04] ERROR: Could not reach Wikipedia or myrm.tv. Aborting.
[2026-06-08 20:08:04] === Complete: 0 new, 0 errors ===
[2026-06-20 18:10:59] === Running Man Archive — Weekly Update Start ===
[2026-06-20 18:10:59] Database max episode: EP806
[2026-06-20 18:10:59] Detecting latest episode via Wikipedia/myrm.tv…
[2026-06-20 18:10:59] ERROR: Could not reach Wikipedia or myrm.tv. Aborting.
[2026-06-20 18:10:59] === Complete: 0 new, 0 errors ===
[2026-06-20 18:12:45] === Running Man Archive — Weekly Update Start ===
[2026-06-20 18:12:45] Database max episode: EP806
[2026-06-20 18:12:45] Detecting latest episode via Wikipedia/myrm.tv…
[2026-06-20 18:12:46] ERROR: Could not reach Wikipedia or myrm.tv. Aborting.
[2026-06-20 18:12:46] === Complete: 0 new, 0 errors ===
[2026-06-20 18:14:44] === Running Man Archive — Weekly Update Start ===
[2026-06-20 18:14:44] Database max episode: EP806
[2026-06-20 18:14:44] Detecting latest episode via Wikipedia/myrm.tv…
[2026-06-20 18:14:44] ERROR: Could not reach Wikipedia or myrm.tv. Aborting.
[2026-06-20 18:14:44] === Complete: 0 new, 0 errors ===
[2026-06-20 18:14:45] === Running Man Archive — Weekly Update Start ===
[2026-06-20 18:14:45] Database max episode: EP806
[2026-06-20 18:14:45] Detecting latest episode via Wikipedia/myrm.tv…
[2026-06-20 18:14:46] ERROR: Could not reach Wikipedia or myrm.tv. Aborting.
[2026-06-20 18:14:46] === Complete: 0 new, 0 errors ===
[2026-06-20 18:15:33] === Running Man Archive — Weekly Update Start ===
[2026-06-20 18:15:33] Database max episode: EP806
[2026-06-20 18:15:33] Detecting latest episode via Wikipedia/myrm.tv…
[2026-06-20 18:15:33] ERROR: Could not reach Wikipedia or myrm.tv. Aborting.
[2026-06-20 18:15:33] === Complete: 0 new, 0 errors ===
[2026-06-20 20:27:14] === Running Man Archive — Weekly Update Start ===
[2026-06-20 20:27:14] Database max episode: EP806
[2026-06-20 20:27:14] Detecting latest episode via Wikipedia/myrm.tv…
[2026-06-20 20:27:15] ERROR: Could not reach Wikipedia or myrm.tv. Aborting.
[2026-06-20 20:27:15] === Complete: 0 new, 0 errors ===
[2026-06-20 20:35:15] === Running Man Archive — Weekly Update Start ===
[2026-06-20 20:35:15] Database max episode: EP806
[2026-06-20 20:35:15] Detecting latest episode via Wikipedia/myrm.tv…
[2026-06-20 20:35:16] Latest detected: EP807 — 1 new episode(s).
[2026-06-20 20:35:16] Scraping EP
[2026-06-20 20:35:19]   ✓ EP807 saved: Episode #807 - A Quick Visit to Your Place [thumb]
[2026-06-20 20:35:19] === Complete: 1 new, 0 errors ===
[2026-06-20 20:35:22] === Running Man Archive — Weekly Update Start ===
[2026-06-20 20:35:22] Database max episode: EP807
[2026-06-20 20:35:22] Detecting latest episode via Wikipedia/myrm.tv…
[2026-06-20 20:35:23] Database is up to date (EP807).
[2026-06-20 20:35:23] === Complete: 0 new, 0 errors ===
[2026-06-21 02:24:59] === Running Man Archive — Weekly Update Start ===
[2026-06-21 02:24:59] Database max episode: EP807
[2026-06-21 02:24:59] Detecting latest episode via Wikipedia/myrm.tv…
[2026-06-21 02:25:00] Database is up to date (EP807).
[2026-06-21 02:25:00] === Complete: 0 new, 0 errors ===
